Test write 04:31:22